../Core/Src/main.c:76:6:HAL_TIM_IC_CaptureCallback	16	static
../Core/Src/main.c:132:6:delay	16	static
../Core/Src/main.c:138:6:HCSR04_Read	8	static
../Core/Src/main.c:150:6:display_UART	16	static
../Core/Src/main.c:155:6:display_num_UART	32	static
../Core/Src/main.c:163:6:display_distance	32	static
../Core/Src/main.c:179:5:main	16	static
../Core/Src/main.c:268:6:SystemClock_Config	88	static
../Core/Src/main.c:316:13:MX_I2C1_Init	8	static
../Core/Src/main.c:350:13:MX_TIM1_Init	32	static
../Core/Src/main.c:399:13:MX_TIM3_Init	48	static
../Core/Src/main.c:448:13:MX_USART2_UART_Init	8	static
../Core/Src/main.c:481:13:MX_GPIO_Init	48	static
../Core/Src/main.c:527:6:Error_Handler	4	static,ignoring_inline_asm
